---
source: src/lib.rs
expression: console.to_string()
---
"\u001b[1;3;5;38;5;9;48;5;15mComplex Style\u001b[0m"
